[www.gamestop.at/PC/Games/114823/grand-theft-auto-v.html]
[backblue.gif]
[fade.gif]
[index.html]
[www.gamestop.at/Content/coreNewStylescd8d.css]
[www.gamestop.at/Views/Locale/Content/Images/logo.png]
[www.gamestop.at/Views/Locale/Content/Images/LogosBrands/brandlogo-highlight-sale_generic.png]
[www.gamestop.at/Views/Locale/Content/Images/Categories/cat-GamesSale.png]
[www.gamestop.at/Views/Locale/Content/Images/Categories/cat-ZiNG-Figuren.png]
[www.gamestop.at/Views/Locale/Content/Images/Categories/cat-HeadsetsXboxOne.png]
[www.gamestop.at/Views/Locale/Content/Images/Categories/cat-gamesXboxOne_generic.png]
[www.gamestop.at/Views/Locale/Content/Images/Categories/cat-gamesps4_generic.png]
[www.gamestop.at/Views/Locale/Content/Images/Categories/cat-gamesPC_generic.png]
[www.gamestop.at/Views/Locale/Content/Images/Categories/cat-gamesSwitch_generic.png]
[www.gamestop.at/Views/Locale/Content/Images/Categories/cat-games3DS_generic.png]
[www.gamestop.at/Views/Locale/Content/Images/Categories/cat-Loot_generic.png]
[www.gamestop.at/Views/Locale/Content/Images/LogosBrands/brandlogo-highlight-zubehoer.png]
[www.gamestop.at/Views/Locale/Content/Images/LogosBrands/brandlogo-zubehoer-atplay.png]
[www.gamestop.at/Views/Locale/Content/Images/LogosBrands/brandlogo-zubehoer-turtlebeach.png]
[www.gamestop.at/Views/Locale/Content/Images/LogosBrands/brandlogo-zubehoer-steelseries.png]
[www.gamestop.at/Views/Locale/Content/Images/Categories/cat-ControllerPS4.png]
[www.gamestop.at/Views/Locale/Content/Images/Categories/cat-Wheels.png]
[www.gamestop.at/Views/Locale/Content/Images/Categories/cat-mouse.png]
[www.gamestop.at/Views/Locale/Content/Images/Categories/cat-keyboard.png]
[www.gamestop.at/Views/Locale/Content/Images/Categories/cat-PlayStationVR.png]
[www.gamestop.at/Views/Locale/Content/Images/LogosBrands/brandlogo-highlight-xbgamepass.png]
[www.gamestop.at/Views/Locale/Content/Images/LogosBrands/brandlogo-dlc-xboxlive.png]
[www.gamestop.at/Views/Locale/Content/Images/LogosBrands/brandlogo-dlc-psn.png]
[www.gamestop.at/Views/Locale/Content/Images/LogosBrands/brandlogo-dlc-switchonline.png]
[www.gamestop.at/Views/Locale/Content/Images/Categories/cat-dlc-anime.png]
[www.gamestop.at/Views/Locale/Content/Images/Categories/cat-dlc-entertainment.png]
[www.gamestop.at/Views/Locale/Content/Images/Categories/cat-dlc-points.png]
[www.gamestop.at/Views/Locale/Content/Images/Categories/cat-dlc-games.png]
[www.gamestop.at/Views/Locale/Content/Images/Categories/cat-dlc-pc.png]
[www.gamestop.at/Views/Locale/Content/Images/Categories/cat-dlc-weitere.png]
[www.gamestop.at/Views/Locale/Content/Images/LogosBrands/brandlogo-highlight-used.png]
[www.gamestop.at/Views/Locale/Content/Images/Categories/cat-navbar_GamesXbox360.png]
[www.gamestop.at/Views/Locale/Content/Images/Categories/cat-navbar_GamesPS3.png]
[www.gamestop.at/Views/Locale/Content/Images/Categories/cat-navbar_GamesWiiU.png]
[www.gamestop.at/Views/Locale/Content/Images/Categories/cat-navbar_GamesPS5.png]
[www.gamestop.at/Views/Locale/Content/Images/Categories/cat-navbar_Games3DS.png]
[www.gamestop.at/Views/Locale/Content/Images/Categories/cat-navbar_GamesDS.png]
[www.gamestop.at/Views/Locale/Content/Images/LogosBrands/brandlogo-highlight-funko6654.png]
[www.gamestop.at/Views/Locale/Content/Images/LogosBrands/brandlogo-zing-starwars.png]
[www.gamestop.at/Views/Locale/Content/Images/LogosBrands/brandlogo-zing-marvel.png]
[www.gamestop.at/Views/Locale/Content/Images/LogosBrands/brandlogo-zing-zelda.png]
[www.gamestop.at/Views/Locale/Content/Images/Categories/cat-ZiNG-Tshirts.png]
[www.gamestop.at/Views/Locale/Content/Images/Categories/cat-ZiNG-Schluesselanhaenger.png]
[www.gamestop.at/Views/Locale/Content/Images/Categories/cat-ZiNG-Tassen.png]
[www.gamestop.at/Views/Locale/Content/Images/Categories/cat-ZiNG-Brettspiele.png]
[www.gamestop.at/Views/Locale/Content/Images/Categories/cat-ZiNG.png]
[www.gamestop.at/Views/Locale/Content/Images/LogosBrands/brandlogo-highlight-sammeln.png]
[www.gamestop.at/Views/Locale/Content/Images/Categories/cat-SNES.png]
[www.gamestop.at/Views/Locale/Content/Images/Categories/cat-ZiNG-FunkoExclusive.png]
[www.gamestop.at/Views/Locale/Content/Images/Categories/cat-ZiNG-FunkoSuperSize.png]
[www.gamestop.at/Views/Locale/Content/Images/Categories/cat-sammeln-Replika.png]
[www.gamestop.at/Views/Locale/Content/Images/Categories/cat-sammeln-collectibles.png]
[www.gamestop.at/Views/Locale/Content/Images/Categories/cat-sammeln-tradingcards.png]
[www.gamestop.at/Views/Locale/Content/Images/Categories/cat-sammeln-yugioh.png]
[www.gamestop.at/Views/Locale/Content/Images/Categories/cat-sammeln-pokemon.png]
[www.gamestop.at/Views/Locale/Content/Images/Categories/cat-sammeln-magic.png]
[www.gamestop.at/Views/Locale/Content/Images/LogosBrands/brandlogo-highlight-service.png]
[www.gamestop.at/Views/Locale/Content/Images/Categories/cat-service-tradein.png]
[www.gamestop.at/Views/Locale/Content/Images/Categories/cat-service-eintauschliste.png]
[www.gamestop.at/Views/Locale/Content/Images/Categories/cat-service-support.png]
[www.gamestop.at/Views/Locale/Content/Images/Categories/cat-service-gutschein.png]
[www.gamestop.at/Views/Locale/Content/Images/Categories/cat-service-gamestopplus.png]
[www.gamestop.at/Views/Locale/Content/Images/Categories/cat-service-gameinformer.png]
[www.gamestop.at/Views/Locale/Content/Images/Categories/cat-service-999er.png]
[www.gamestop.at/Views/Locale/Content/Images/Categories/cat-service-gameprotection.png]
[www.gamestop.at/Views/Locale/Content/Images/Categories/cat-service-consoleprotection.png]
[static-at.gamestop.at/images/products/249593/3max.jpg]
[www.gamestop.at/Views/Locale/Content/Images/maxDefault.jpg]
[static-at.gamestop.at/images/products/249593/5scrmax1.jpg]
[static-at.gamestop.at/images/products/249593/7scrmax2.jpg]
[static-at.gamestop.at/images/products/249593/9scrmax3.jpg]
[static-at.gamestop.at/images/products/249593/11scrmax4.jpg]
[static-at.gamestop.at/images/products/249593/13scrmax5.jpg]
[www.gamestop.at/Content/Images/MarkerSmall.png]
[static-at.gamestop.at/images/products/249593/4scrmin1.jpg]
[static-at.gamestop.at/images/products/249593/6scrmin2.jpg]
[static-at.gamestop.at/images/products/249593/8scrmin3.jpg]
[static-at.gamestop.at/images/products/249593/10scrmin4.jpg]
[static-at.gamestop.at/images/products/249593/12scrmin5.jpg]
[static-at.gamestop.at/images/products/249593/15scrmax6.jpg]
[static-at.gamestop.at/images/products/249593/14scrmin6.jpg]
[static-at.gamestop.at/images/products/249593/17scrmax7.jpg]
[static-at.gamestop.at/images/products/249593/16scrmin7.jpg]
[static-at.gamestop.at/images/products/249593/19scrmax8.jpg]
[static-at.gamestop.at/images/products/249593/18scrmin8.jpg]
[static-at.gamestop.at/images/products/249593/21scrmax9.jpg]
[static-at.gamestop.at/images/products/249593/20scrmin9.jpg]
[static-at.gamestop.at/images/products/249593/23scrmax10.jpg]
[static-at.gamestop.at/images/products/249593/22scrmin10.jpg]
[www.gamestop.at/Views/Locale/Content/Images/logo-small-white84dd.png]
[www.gamestop.at/jQueryScriptsa68b.js]
[www.gamestop.at/coreScriptsb5be.js]
[www.gamestop.at/mapScriptscd74.js]
[www.gamestop.at/PC/Games/114823/grand-theft-auto-v.html]
[www.googletagmanager.com/gtm5445.html]
[www.gamestop.at/Content/fonts/solidogs-bold.eot]
[www.gamestop.at/Content/fonts/solidogs-boldd41d.eot]
[www.gamestop.at/Content/fonts/solidogs-bold.woff2]
[www.gamestop.at/Content/fonts/solidogs-bold.woff]
[www.gamestop.at/Content/fonts/solidogs-bold.ttf]
[www.gamestop.at/Content/fonts/solidogs-bold.svg]
[www.gamestop.at/Content/fonts/solidogs-book.eot]
[www.gamestop.at/Content/fonts/solidogs-bookd41d.eot]
[www.gamestop.at/Content/fonts/solidogs-book.woff2]
[www.gamestop.at/Content/fonts/solidogs-book.woff]
[www.gamestop.at/Content/fonts/solidogs-book.ttf]
[www.gamestop.at/Content/fonts/solidogs-book.svg]
[www.gamestop.at/Content/fonts/mm-icons.woff]
[www.gamestop.at/Content/fonts/material-icons.woff2]
[www.gamestop.at/Content/Images/error-message-icon.png]
[www.gamestop.at/Content/Images/top-bar.png]
[www.gamestop.at/Content/Images/check-square-o.png]
[www.gamestop.at/Content/Images/top-bar-loyalty.png]
[www.gamestop.at/Content/Images/info-circle.png]
[www.gamestop.at/Content/Images/user.png]
[www.gamestop.at/Content/Images/align-justify.png]
[www.gamestop.at/Content/Images/cart-icon.png]
[www.gamestop.at/Content/Images/qs-separator.png]
[www.gamestop.at/Content/Images/search-icon.png]
[www.gamestop.at/Content/Images/mini-loader.gif]
[www.gamestop.at/Content/Images/material-clear.png]
[www.gamestop.at/Content/Images/qs-arrowx.png]
[www.gamestop.at/Content/Images/platform-bar.png]
[www.gamestop.at/Content/Images/PEGI.png]
[www.gamestop.at/Content/Images/ESRBsmall.png]
[www.gamestop.at/Content/Images/ESRBsmall-FR.png]
[www.gamestop.at/Content/Images/left-bar-background.png]
[www.gamestop.at/Content/Images/left-bar-opener.png]
[www.gamestop.at/Content/Images/sorting-options.png]
[www.gamestop.at/Content/Images/line.jpg]
[www.gamestop.at/Content/Images/stars-2.0.png]
[www.gamestop.at/Content/Images/PEGI-90-110.png]
[www.gamestop.at/Content/Images/ESRB.png]
[www.gamestop.at/Content/Images/ESRB-FR.png]
[www.gamestop.at/Content/Images/platform-images/platforms-block-xbox360.png]
[www.gamestop.at/Content/Images/platform-images/platforms-block-ps3.png]
[www.gamestop.at/Content/Images/platform-images/platforms-block-wii.png]
[www.gamestop.at/Content/Images/accordion-top.png]
[www.gamestop.at/Content/Images/accordion-bottom.png]
[www.gamestop.at/Content/Images/section-block.png]
[www.gamestop.at/Content/Images/singleProd.png]
[www.gamestop.at/Content/Images/mega-button.png]
[www.gamestop.at/Content/Images/payments/paypal.png]
[www.gamestop.at/Content/Images/payments/payments.png]
[www.gamestop.at/Content/Images/checkout-parts.png]
[www.gamestop.at/Views/Locale/Content/Images/giftcard-ultra.png]
[www.gamestop.at/Content/Images/giftnum.png]
[www.gamestop.at/Content/Images/footerBg.png]
[www.gamestop.at/Content/Images/footer-separators.png]
[www.gamestop.at/Content/Images/tag-warning.png]
[www.gamestop.at/Content/Images/fancybox_overlay.png]
[www.gamestop.at/Content/Images/user-details.png]
[www.gamestop.at/Content/Images/cart-repeater.png]
[www.gamestop.at/Views/Locale/Content/Images/DLC-card.png]
[www.gamestop.at/Content/Images/404.png]
[www.gamestop.at/Content/Images/cookie-bar.png]
[www.gamestop.at/Content/Images/cookiebar2.png]
[www.gamestop.at/Content/Images/wishlist-icon.png]
[www.gamestop.at/Content/Images/have-icon.png]
[www.gamestop.at/Views/Locale/Content/Images/bar-delimiter.png]
[www.gamestop.at/Views/Locale/Content/Images/join-gs-plus.png]
[www.gamestop.at/Views/Locale/Content/Images/join-loyalty.png]
[www.gamestop.at/Content/Images/slide-head.png]
[www.gamestop.at/Content/Images/slider.png]
[www.gamestop.at/Content/images/bx_loader.gif]
[www.gamestop.at/Content/images/flags.png]
[www.gamestop.at/Content/Images/exclusive_zoom.png]
[www.gamestop.at/Content/ngApp/assets/check-green.png]
[www.gamestop.at/Views/Locale/Content/Images/Loyalty/loy-title-img.png]
[www.gamestop.at/Content/images/controls.png]
[www.gamestop.at/Content/Images/star.gif]
[www.gamestop.at/Content/Images/mergeAcc.png]
[www.gamestop.at/Views/Locale/Content/Images/logo-mobile.png]
[www.gamestop.at/Content/Images/mobile-open.png]
[www.gamestop.at/Content/Images/filters.png]
[www.gamestop.at/Content/Images/accord-icon.png]
[www.gamestop.at/Views/Locale/Content/Images/mobile-homepage-headsup-iphone.png]
[www.gamestop.at/Views/Locale/Content/Images/mobile-homepage-headsup-triangle.png]
[www.gamestop.at/Views/Locale/Content/Images/mobile-homepage-icons.png]
[www.gamestop.at/Views/Locale/Content/Images/logo@2x.png]
[www.gamestop.at/Views/Locale/Content/Images/logo-mobile@2x.png]
[www.gamestop.at/Content/Images/slide-head@2x.png]
[www.gamestop.at/Content/Images/big-loader.gif]
[www.gamestop.at/Views/Locale/Content/Images/join-gs-plus@2x.png]
[www.gamestop.at/Content/Images/left-bar-opener@2x.png]
[www.gamestop.at/Content/Images/mobile-open@2x.png]
[www.gamestop.at/Views/Locale/Content/Images/mobile-homepage-headsup-iphone@2x.png]
[www.gamestop.at/Views/Locale/Content/Images/mobile-homepage-icons@2x.png]
[www.gamestop.at/Views/Locale/Content/Images/mobile-homepage-headsup-triangle@2x.png]
[www.gamestop.at/Content/images/fancybox_sprite.png]
[www.gamestop.at/Content/images/fancybox_loading.gif]
[www.gamestop.at/Content/images/blank.gif]
[www.gamestop.at/Content/images/fancybox_overlay-2.png]
[www.gamestop.at/img/flags.html]
[www.gamestop.at/Content/coreNewStylescd8d.css]
[www.gamestop.at/img/flags@2x.html]
[www.gamestop.at/Content/fonts/solidogs-bold.svg]
[www.gamestop.at/Content/fonts/solidogs-book.svg]
[www.gamestop.at/Views/Locale/Content/Images/padlock_closed.html]
[www.gamestop.at/Content/coreStylesd701.css]
[www.gamestop.at/Views/Locale/Content/Images/404_LinkNotFound7865.png]
[www.gamestop.at/Views/Locale/Content/Images/404_LinkNotFound01de.png]
[www.gamestop.at/coreScripts2947.js]
[www.gamestop.at/img/flags.html]
[www.gamestop.at/img/flags@2x.html]
[www.gamestop.at/Content/coreStylesd701.css]
[www.gamestop.at/Content/coreStylese1d7.css]
[www.gamestop.at/Content/coreStylese1d7.css]
